Archive member included to satisfy reference by file (symbol)

/home/rex/openrex-bsp/build-openrex/tmp/sysroots/imx6q-openrex/usr/lib/arm-poky-linux-gnueabi/5.2.0/libgcc.a(_udivsi3.o)
                              arch/arm/cpu/armv7/built-in.o (__aeabi_uidiv)
/home/rex/openrex-bsp/build-openrex/tmp/sysroots/imx6q-openrex/usr/lib/arm-poky-linux-gnueabi/5.2.0/libgcc.a(_divsi3.o)
                              common/built-in.o (__aeabi_idiv)
/home/rex/openrex-bsp/build-openrex/tmp/sysroots/imx6q-openrex/usr/lib/arm-poky-linux-gnueabi/5.2.0/libgcc.a(_lshrdi3.o)
                              fs/built-in.o (__aeabi_llsr)
/home/rex/openrex-bsp/build-openrex/tmp/sysroots/imx6q-openrex/usr/lib/arm-poky-linux-gnueabi/5.2.0/libgcc.a(_ashldi3.o)
                              drivers/mmc/built-in.o (__aeabi_llsl)
/home/rex/openrex-bsp/build-openrex/tmp/sysroots/imx6q-openrex/usr/lib/arm-poky-linux-gnueabi/5.2.0/libgcc.a(_dvmd_lnx.o)
                              /home/rex/openrex-bsp/build-openrex/tmp/sysroots/imx6q-openrex/usr/lib/arm-poky-linux-gnueabi/5.2.0/libgcc.a(_udivsi3.o) (__aeabi_idiv0)

Discarded input sections

 .data          0x0000000000000000        0x0 arch/arm/cpu/armv7/start.o
 .bss           0x0000000000000000        0x0 arch/arm/cpu/armv7/start.o
 .text.v7_outer_cache_enable
                0x0000000000000000        0x4 arch/arm/cpu/armv7/built-in.o
 .text.v7_outer_cache_disable
                0x0000000000000000        0x4 arch/arm/cpu/armv7/built-in.o
 .text.v7_outer_cache_flush_all
                0x0000000000000000        0x4 arch/arm/cpu/armv7/built-in.o
 .text.v7_outer_cache_inval_all
                0x0000000000000000        0x4 arch/arm/cpu/armv7/built-in.o
 .text.v7_outer_cache_flush_range
                0x0000000000000000        0x4 arch/arm/cpu/armv7/built-in.o
 .text.v7_outer_cache_inval_range
                0x0000000000000000        0x4 arch/arm/cpu/armv7/built-in.o
 .text.v7_arch_cp15_set_l2aux_ctrl
                0x0000000000000000        0x8 arch/arm/cpu/armv7/built-in.o
 .text.v7_arch_cp15_set_acr
                0x0000000000000000        0x8 arch/arm/cpu/armv7/built-in.o
 .text.sdelay   0x0000000000000000        0xc arch/arm/cpu/armv7/built-in.o
 .text.wait_on_value
                0x0000000000000000       0x34 arch/arm/cpu/armv7/built-in.o
 .text.enable_enet_clk
                0x0000000000000000       0x48 arch/arm/cpu/armv7/built-in.o
 .text.enable_uart_clk
                0x0000000000000000       0x4c arch/arm/cpu/armv7/built-in.o
 .text.enable_usdhc_clk
                0x0000000000000000       0x4c arch/arm/cpu/armv7/built-in.o
 .text.enable_spi_clk
                0x0000000000000000       0x44 arch/arm/cpu/armv7/built-in.o
 .text.enable_fec_anatop_clock
                0x0000000000000000       0xe4 arch/arm/cpu/armv7/built-in.o
 .text.enable_ipu_clock
                0x0000000000000000       0x58 arch/arm/cpu/armv7/built-in.o
 .data          0x0000000000000000        0x0 arch/arm/cpu/armv7/built-in.o
 .bss           0x0000000000000000        0x0 arch/arm/cpu/armv7/built-in.o
 .text          0x0000000000000000        0x0 arch/arm/imx-common/built-in.o
 .text.get_imx_reset_cause
                0x0000000000000000       0x10 arch/arm/imx-common/built-in.o
 .text.set_chipselect_size
                0x0000000000000000       0x84 arch/arm/imx-common/built-in.o
 .text.force_idle_bus
                0x0000000000000000      0x124 arch/arm/imx-common/built-in.o
 .text.setup_i2c
                0x0000000000000000       0xdc arch/arm/imx-common/built-in.o
 .text.mxs_wait_mask_set
                0x0000000000000000       0x3c arch/arm/imx-common/built-in.o
 .text.mxs_wait_mask_clr
                0x0000000000000000       0x3c arch/arm/imx-common/built-in.o
 .text.mxs_reset_block
                0x0000000000000000       0x90 arch/arm/imx-common/built-in.o
 .rodata.__func__.7053
                0x0000000000000000        0xf arch/arm/imx-common/built-in.o
 .data          0x0000000000000000        0x0 arch/arm/imx-common/built-in.o
 .bss           0x0000000000000000        0x0 arch/arm/imx-common/built-in.o
 .text.enable_caches
                0x0000000000000000        0xc arch/arm/lib/built-in.o
 .text.invalidate_dcache_range
                0x0000000000000000        0x4 arch/arm/lib/built-in.o
 .text.flush_dcache_range
                0x0000000000000000        0x4 arch/arm/lib/built-in.o
 .text.flush_dcache_all
                0x0000000000000000        0xc arch/arm/lib/built-in.o
 .text.arm_init_before_mmu
                0x0000000000000000        0x4 arch/arm/lib/built-in.o
 .text.mmu_page_table_flush
                0x0000000000000000        0x4 arch/arm/lib/built-in.o
 .rodata.pl310  0x0000000000000000        0x4 arch/arm/lib/built-in.o
 .data          0x0000000000000000        0x0 arch/arm/lib/built-in.o
 .__secure_start
                0x0000000000000000        0x0 arch/arm/lib/built-in.o
 .__secure_end  0x0000000000000000        0x0 arch/arm/lib/built-in.o
[...]
Memory Configuration

Name             Origin             Length             Attributes
*default*        0x0000000000000000 0xffffffffffffffff

Linker script and memory map

Address of section .text set to 0x17800000
                0x0000000000000000                . = 0x0
                0x0000000000000000                . = ALIGN (0x4)

.text           0x0000000017800000    0x43604
 *(.__image_copy_start)
 .__image_copy_start
                0x0000000017800000        0x0 arch/arm/lib/built-in.o
                0x0000000017800000                __image_copy_start
 *(.vectors)
 .vectors       0x0000000017800000      0x300 arch/arm/lib/built-in.o
                0x0000000017800000                _start
                0x0000000017800020                _undefined_instruction
                0x0000000017800024                _software_interrupt
                0x0000000017800028                _prefetch_abort
                0x000000001780002c                _data_abort
                0x0000000017800030                _not_used
                0x0000000017800034                _irq
                0x0000000017800038                _fiq
                0x0000000017800040                IRQ_STACK_START_IN
 arch/arm/cpu/armv7/start.o(.text*)
 .text          0x0000000017800300       0xe0 arch/arm/cpu/armv7/start.o
                0x0000000017800300                reset
                0x0000000017800304                save_boot_params_ret
                0x0000000017800340                c_runtime_cpu_setup
                0x0000000017800350                save_boot_params
                0x0000000017800354                cpu_init_cp15
                0x00000000178003d8                cpu_init_crit
 *(.text*)
 .text          0x00000000178003e0       0x24 arch/arm/cpu/armv7/built-in.o
                0x00000000178003e0                lowlevel_init
 .text.v7_maint_dcache_all
                0x0000000017800404       0xd0 arch/arm/cpu/armv7/built-in.o
 .text.invalidate_icache_all
                0x00000000178004d4       0x18 arch/arm/cpu/armv7/built-in.o
                0x00000000178004d4                invalidate_icache_all
 .text.flush_dcache_all
                0x00000000178004ec       0x14 arch/arm/cpu/armv7/built-in.o
                0x00000000178004ec                flush_dcache_all
 .text.invalidate_dcache_all
                0x0000000017800500       0x14 arch/arm/cpu/armv7/built-in.o
                0x0000000017800500                invalidate_dcache_all
 .text.arm_init_before_mmu
                0x0000000017800514       0x28 arch/arm/cpu/armv7/built-in.o
                0x0000000017800514                arm_init_before_mmu
 .text.flush_dcache_range
                0x000000001780053c       0x38 arch/arm/cpu/armv7/built-in.o
                0x000000001780053c                flush_dcache_range
 .text.mmu_page_table_flush
                0x0000000017800574       0x24 arch/arm/cpu/armv7/built-in.o
                0x0000000017800574                mmu_page_table_flush
 .text.invalidate_dcache_range
                0x0000000017800598       0xa8 arch/arm/cpu/armv7/built-in.o
                0x0000000017800598                invalidate_dcache_range
 .text.cpu_cache_initialization
                0x0000000017800640        0x4 arch/arm/cpu/armv7/built-in.o
                0x0000000017800640                cpu_cache_initialization
 .text.cleanup_before_linux_select
                0x0000000017800644       0x4c arch/arm/cpu/armv7/built-in.o
                0x0000000017800644                cleanup_before_linux_select
 .text.cleanup_before_linux
                0x0000000017800690        0x8 arch/arm/cpu/armv7/built-in.o
                0x0000000017800690                cleanup_before_linux
 .text.get_nr_cpus
                0x0000000017800698       0x10 arch/arm/cpu/armv7/built-in.o
                0x0000000017800698                get_nr_cpus
 .text.get_cpu_rev
                0x00000000178006a8       0x90 arch/arm/cpu/armv7/built-in.o
                0x00000000178006a8                get_cpu_rev
 .text.get_cpu_speed_grade_hz
                0x0000000017800738       0xa0 arch/arm/cpu/armv7/built-in.o
                0x0000000017800738                get_cpu_speed_grade_hz
 .text.get_cpu_temp_grade
                0x00000000178007d8       0x68 arch/arm/cpu/armv7/built-in.o
                0x00000000178007d8                get_cpu_temp_grade
 .text.get_board_rev
                0x0000000017800840       0x30 arch/arm/cpu/armv7/built-in.o
                0x0000000017800840                get_board_rev
 .text.arch_cpu_init
                0x0000000017800870       0x94 arch/arm/cpu/armv7/built-in.o
                0x0000000017800870                arch_cpu_init
 .text.board_postclk_init
                0x0000000017800904       0x58 arch/arm/cpu/armv7/built-in.o
                0x0000000017800904                board_postclk_init
 .text.imx_get_mac_from_fuse
                0x000000001780095c       0x3c arch/arm/cpu/armv7/built-in.o
                0x000000001780095c                imx_get_mac_from_fuse
 .text.s_init   0x0000000017800998       0x88 arch/arm/cpu/armv7/built-in.o
                0x0000000017800998                s_init
 .text.get_ipg_clk
                0x0000000017800a20       0x28 arch/arm/cpu/armv7/built-in.o
 .text.get_uart_clk
                0x0000000017800a48       0xb8 arch/arm/cpu/armv7/built-in.o
 .text.mxc_get_pll_pfd
                0x0000000017800b00       0xbc arch/arm/cpu/armv7/built-in.o
 .text.get_usdhc_clk
                0x0000000017800bbc       0x8c arch/arm/cpu/armv7/built-in.o
 .text.enable_ocotp_clk
                0x0000000017800c48       0x24 arch/arm/cpu/armv7/built-in.o
                0x0000000017800c48                enable_ocotp_clk
 .text.enable_usboh3_clk
                0x0000000017800c6c       0x24 arch/arm/cpu/armv7/built-in.o
                0x0000000017800c6c                enable_usboh3_clk
 .text.enable_i2c_clk
                0x0000000017800c90       0xa8 arch/arm/cpu/armv7/built-in.o
                0x0000000017800c90                enable_i2c_clk
 .text.get_periph_clk
                0x0000000017800d38       0xdc arch/arm/cpu/armv7/built-in.o
                0x0000000017800d38                get_periph_clk
 .text.get_axi_clk
                0x0000000017800e14       0x4c arch/arm/cpu/armv7/built-in.o
 .text.imx_get_uartclk
                0x0000000017800e60        0x4 arch/arm/cpu/armv7/built-in.o
                0x0000000017800e60                imx_get_uartclk
 .text.enable_sata_clock
                0x0000000017800e64       0x7c arch/arm/cpu/armv7/built-in.o
                0x0000000017800e64                enable_sata_clock
 .text.disable_sata_clock
                0x0000000017800ee0       0x18 arch/arm/cpu/armv7/built-in.o
                0x0000000017800ee0                disable_sata_clock
 .text.enable_thermal_clk
                0x0000000017800ef8       0x48 arch/arm/cpu/armv7/built-in.o
                0x0000000017800ef8                enable_thermal_clk
 .text.mxc_get_clock
                0x0000000017800f40      0x3b8 arch/arm/cpu/armv7/built-in.o
                0x0000000017800f40                mxc_get_clock
 .text.imx_get_fecclk
                0x00000000178012f8        0x8 arch/arm/cpu/armv7/built-in.o
                0x00000000178012f8                imx_get_fecclk
 .text.do_mx6_showclocks
                0x0000000017801300      0x24c arch/arm/cpu/armv7/built-in.o
                0x0000000017801300                do_mx6_showclocks
 .text.cpu_reset
                0x000000001780154c       0x28 arch/arm/cpu/armv7/built-in.o
                0x000000001780154c                cpu_reset
 .text.cpu_status
                0x0000000017801574       0x40 arch/arm/cpu/armv7/built-in.o
                0x0000000017801574                cpu_status
 .text.cpu_release
                0x00000000178015b4       0x84 arch/arm/cpu/armv7/built-in.o
                0x00000000178015b4                cpu_release
 .text.is_core_valid
                0x0000000017801638       0x1c arch/arm/cpu/armv7/built-in.o
                0x0000000017801638                is_core_valid
 .text.cpu_disable
                0x0000000017801654       0x28 arch/arm/cpu/armv7/built-in.o
                0x0000000017801654                cpu_disable
 .text.imx_iomux_v3_setup_pad
                0x000000001780167c       0xd0 arch/arm/imx-common/built-in.o
                0x000000001780167c                imx_iomux_v3_setup_pad
 .text.imx_iomux_v3_setup_multiple_pads
                0x000000001780174c       0x2c arch/arm/imx-common/built-in.o
                0x000000001780174c                imx_iomux_v3_setup_multiple_pads
 .text.imx_iomux_set_gpr_register
                0x0000000017801778       0x3c arch/arm/imx-common/built-in.o
                0x0000000017801778                imx_iomux_set_gpr_register
 .text.timer_init
                0x00000000178017b4      0x128 arch/arm/imx-common/built-in.o
                0x00000000178017b4                timer_init
 .text.timer_read_counter
                0x00000000178018dc       0x10 arch/arm/imx-common/built-in.o
                0x00000000178018dc                timer_read_counter
 .text.get_tbclk
                0x00000000178018ec       0x90 arch/arm/imx-common/built-in.o
                0x00000000178018ec                get_tbclk
 .text.imx_ddr_size
                0x000000001780197c       0x64 arch/arm/imx-common/built-in.o
                0x000000001780197c                imx_ddr_size
 .text.get_imx_type
                0x00000000178019e0       0x20 arch/arm/imx-common/built-in.o
                0x00000000178019e0                get_imx_type
 .text.print_cpuinfo
                0x0000000017801a00      0x228 arch/arm/imx-common/built-in.o
                0x0000000017801a00                print_cpuinfo
 .text.cpu_eth_init
                0x0000000017801c28        0x4 arch/arm/imx-common/built-in.o
                0x0000000017801c28                cpu_eth_init
 .text.cpu_mmc_init
                0x0000000017801c2c        0x4 arch/arm/imx-common/built-in.o
                0x0000000017801c2c                cpu_mmc_init
 .text.get_ahb_clk
                0x0000000017801c30       0x24 arch/arm/imx-common/built-in.o
                0x0000000017801c30                get_ahb_clk
 .text.arch_preboot_os
                0x0000000017801c54       0x10 arch/arm/imx-common/built-in.o
                0x0000000017801c54                arch_preboot_os
 .text.get_clocks
                0x0000000017801c64       0x1c arch/arm/imx-common/built-in.o
                0x0000000017801c64                get_clocks
 .text.enable_caches
                0x0000000017801c80       0x34 arch/arm/imx-common/built-in.o
                0x0000000017801c80                enable_caches
 .text.v7_outer_cache_enable
                0x0000000017801cb4       0x54 arch/arm/imx-common/built-in.o
                0x0000000017801cb4                v7_outer_cache_enable
 .text.v7_outer_cache_disable
                0x0000000017801d08       0x18 arch/arm/imx-common/built-in.o
                0x0000000017801d08                v7_outer_cache_disable
 .text.init_aips
                0x0000000017801d20       0xb0 arch/arm/imx-common/built-in.o
                0x0000000017801d20                init_aips
 .text.imx_set_wdog_powerdown
                0x0000000017801dd0       0x80 arch/arm/imx-common/built-in.o
                0x0000000017801dd0                imx_set_wdog_powerdown
 .text.init_src
                0x0000000017801e50       0x18 arch/arm/imx-common/built-in.o
                0x0000000017801e50                init_src
 .text.boot_mode_apply
                0x0000000017801e68       0x24 arch/arm/imx-common/built-in.o
                0x0000000017801e68                boot_mode_apply
 .text.setup_sata
                0x0000000017801e8c       0x60 arch/arm/imx-common/built-in.o
                0x0000000017801e8c                setup_sata
 .text.create_usage
                0x0000000017801eec       0xac arch/arm/imx-common/built-in.o
 .text.do_boot_mode
                0x0000000017801f98       0xd4 arch/arm/imx-common/built-in.o
 .text.add_board_boot_modes
                0x000000001780206c       0x60 arch/arm/imx-common/built-in.o
                0x000000001780206c                add_board_boot_modes
 .text          0x00000000178020cc       0xa8 arch/arm/lib/built-in.o
                0x00000000178020cc                _main
 .text.relocate_vectors
                0x0000000017802174       0x70 arch/arm/lib/built-in.o
                0x0000000017802174                relocate_vectors
                0x0000000017802180                relocate_code
 .text.arch_fixup_fdt
                0x00000000178021e4       0x38 arch/arm/lib/built-in.o
                0x00000000178021e4                arch_fixup_fdt
 .text.boot_jump_linux
                0x000000001780221c       0xb8 arch/arm/lib/built-in.o
 .text.arch_lmb_reserve
                0x00000000178022d4       0x24 arch/arm/lib/built-in.o
                0x00000000178022d4                arch_lmb_reserve
 .text.setup_board_tags
                0x00000000178022f8        0x4 arch/arm/lib/built-in.o
                0x00000000178022f8                setup_board_tags
 .text.boot_prep_linux
                0x00000000178022fc      0x190 arch/arm/lib/built-in.o
 .text.do_bootm_linux
                0x000000001780248c       0x64 arch/arm/lib/built-in.o
                0x000000001780248c                do_bootm_linux
 .text.bootz_setup
                0x00000000178024f0       0x58 arch/arm/lib/built-in.o
                0x00000000178024f0                bootz_setup
 .text.boot_prep_vxworks
                0x0000000017802548       0x50 arch/arm/lib/built-in.o
                0x0000000017802548                boot_prep_vxworks
 .text.boot_jump_vxworks
                0x0000000017802598        0xc arch/arm/lib/built-in.o
                0x0000000017802598                boot_jump_vxworks
 .text.pl310_background_op_all_ways
                0x00000000178025a4       0x38 arch/arm/lib/built-in.o
 .text.v7_outer_cache_inval_all
                0x00000000178025dc        0xc arch/arm/lib/built-in.o
                0x00000000178025dc                v7_outer_cache_inval_all
 .text.v7_outer_cache_flush_all
                0x00000000178025e8        0xc arch/arm/lib/built-in.o
                0x00000000178025e8                v7_outer_cache_flush_all
 .text.v7_outer_cache_flush_range
                0x00000000178025f4       0x30 arch/arm/lib/built-in.o
                0x00000000178025f4                v7_outer_cache_flush_range
 .text.v7_outer_cache_inval_range
                0x0000000017802624       0x80 arch/arm/lib/built-in.o
                0x0000000017802624                v7_outer_cache_inval_range
 .text.arch_reserve_stacks
                0x00000000178026a4       0x1c arch/arm/lib/built-in.o
                0x00000000178026a4                arch_reserve_stacks
 .text.interrupt_init
                0x00000000178026c0       0x1c arch/arm/lib/built-in.o
                0x00000000178026c0                interrupt_init
 .text.enable_interrupts
                0x00000000178026dc        0x4 arch/arm/lib/built-in.o
                0x00000000178026dc                enable_interrupts
 .text.disable_interrupts
                0x00000000178026e0        0x8 arch/arm/lib/built-in.o
                0x00000000178026e0                disable_interrupts
 .text.bad_mode
                0x00000000178026e8       0x10 arch/arm/lib/built-in.o
                0x00000000178026e8                bad_mode
 .text.show_regs
                0x00000000178026f8      0x174 arch/arm/lib/built-in.o
                0x00000000178026f8                show_regs
 .text.do_undefined_instruction
                0x000000001780286c       0x20 arch/arm/lib/built-in.o
                0x000000001780286c                do_undefined_instruction
 .text.do_software_interrupt
                0x000000001780288c       0x20 arch/arm/lib/built-in.o
                0x000000001780288c                do_software_interrupt
 .text.do_prefetch_abort
                0x00000000178028ac       0x20 arch/arm/lib/built-in.o
                0x00000000178028ac                do_prefetch_abort
 .text.do_data_abort
                0x00000000178028cc       0x20 arch/arm/lib/built-in.o
                0x00000000178028cc                do_data_abort
 .text.do_not_used
                0x00000000178028ec       0x20 arch/arm/lib/built-in.o
                0x00000000178028ec                do_not_used
 .text.do_fiq   0x000000001780290c       0x20 arch/arm/lib/built-in.o
                0x000000001780290c                do_fiq
 .text.do_irq   0x000000001780292c       0x20 arch/arm/lib/built-in.o
                0x000000001780292c                do_irq
 .text.reset_misc
                0x000000001780294c        0x4 arch/arm/lib/built-in.o
                0x000000001780294c                reset_misc
 .text.do_reset
                0x0000000017802950       0x30 arch/arm/lib/built-in.o
                0x0000000017802950                do_reset
 .text.flush_cache
                0x0000000017802980        0x8 arch/arm/lib/built-in.o
                0x0000000017802980                flush_cache
 .text.cp_delay
                0x0000000017802988       0x30 arch/arm/lib/built-in.o
 .text.arm_init_domains
                0x00000000178029b8        0x4 arch/arm/lib/built-in.o
                0x00000000178029b8                arm_init_domains
 .text.set_section_dcache
                0x00000000178029bc       0x14 arch/arm/lib/built-in.o
                0x00000000178029bc                set_section_dcache
 .text.mmu_set_region_dcache_behaviour
                0x00000000178029d0       0x4c arch/arm/lib/built-in.o
                0x00000000178029d0                mmu_set_region_dcache_behaviour
 .text.dram_bank_mmu_setup
                0x0000000017802a1c       0x44 arch/arm/lib/built-in.o
                0x0000000017802a1c                dram_bank_mmu_setup
 .text.icache_enable
                0x0000000017802a60       0x18 arch/arm/lib/built-in.o
                0x0000000017802a60                icache_enable
 .text.icache_disable
                0x0000000017802a78       0x20 arch/arm/lib/built-in.o
                0x0000000017802a78                icache_disable
 .text.icache_status
                0x0000000017802a98        0xc arch/arm/lib/built-in.o
                0x0000000017802a98                icache_status
 .text.dcache_enable
                0x0000000017802aa4       0x70 arch/arm/lib/built-in.o
                0x0000000017802aa4                dcache_enable
 .text.dcache_disable
                0x0000000017802b14       0x2c arch/arm/lib/built-in.o
                0x0000000017802b14                dcache_disable
 .text.dcache_status
                0x0000000017802b40        0xc arch/arm/lib/built-in.o
                0x0000000017802b40                dcache_status
 .text.dram_init
                0x0000000017802b4c       0x18 board/fedevel/mx6openrex/built-in.o
                0x0000000017802b4c                dram_init
 .text.board_mmc_getcd
                0x0000000017802b64       0x38 board/fedevel/mx6openrex/built-in.o
                0x0000000017802b64                board_mmc_getcd
 .text.board_mmc_init
                0x0000000017802b9c       0x40 board/fedevel/mx6openrex/built-in.o
                0x0000000017802b9c                board_mmc_init
 .text.mx6_rgmii_rework
                0x0000000017802bdc       0xb4 board/fedevel/mx6openrex/built-in.o
                0x0000000017802bdc                mx6_rgmii_rework
 .text.board_phy_config
                0x0000000017802c90       0x2c board/fedevel/mx6openrex/built-in.o
                0x0000000017802c90                board_phy_config
 .text.board_eth_init
                0x0000000017802cbc       0x54 board/fedevel/mx6openrex/built-in.o
                0x0000000017802cbc                board_eth_init
 .text.board_ehci_hcd_init
                0x0000000017802d10       0x28 board/fedevel/mx6openrex/built-in.o
                0x0000000017802d10                board_ehci_hcd_init
 .text.board_ehci_power
                0x0000000017802d38        0x8 board/fedevel/mx6openrex/built-in.o
                0x0000000017802d38                board_ehci_power
 .text.board_early_init_f
                0x0000000017802d40       0x1c board/fedevel/mx6openrex/built-in.o
                0x0000000017802d40                board_early_init_f
 .text.board_init
                0x0000000017802d5c       0xa8 board/fedevel/mx6openrex/built-in.o
                0x0000000017802d5c                board_init
 .text.power_init_board
                0x0000000017802e04        0x8 board/fedevel/mx6openrex/built-in.o
                0x0000000017802e04                power_init_board
 .text.board_spi_cs_gpio
                0x0000000017802e0c       0x14 board/fedevel/mx6openrex/built-in.o
                0x0000000017802e0c                board_spi_cs_gpio
 .text.board_late_init
                0x0000000017802e20       0xbc board/fedevel/mx6openrex/built-in.o
                0x0000000017802e20                board_late_init
 .text.checkboard
                0x0000000017802edc       0x18 board/fedevel/mx6openrex/built-in.o
                0x0000000017802edc                checkboard
 .text.show_boot_progress
                0x0000000017802ef4        0x4 common/built-in.o
                0x0000000017802ef4                show_boot_progress
 .text.main_loop
                0x0000000017802ef8       0x20 common/built-in.o
                0x0000000017802ef8                main_loop
 .text.dummy    0x0000000017802f18        0x4 common/built-in.o
 .text.get_version
                0x0000000017802f1c        0x8 common/built-in.o
                0x0000000017802f1c                get_version
 .text.jumptable_init
                0x0000000017802f24      0x1e0 common/built-in.o
                0x0000000017802f24                jumptable_init
 .text.hash_finish_crc32
                0x0000000017803104       0x30 common/built-in.o
 .text.hash_update_crc32
                0x0000000017803134       0x24 common/built-in.o
 .text.hash_init_crc32
                0x0000000017803158       0x24 common/built-in.o
 .text.hash_lookup_algo
                0x000000001780317c       0x28 common/built-in.o
                0x000000001780317c                hash_lookup_algo
 .text.hash_command
                0x00000000178031a4       0xb4 common/built-in.o
                0x00000000178031a4                hash_command
 .text.b_reset  0x0000000017803258       0x1c common/built-in.o
 .text.static_get
                0x0000000017803274       0x1c common/built-in.o
 .text.file_peek
                0x0000000017803290        0xc common/built-in.o
 .text.mapset   0x000000001780329c       0x20 common/built-in.o
 .text.syntax_err
                0x00000000178032bc        0xc common/built-in.o
 .text.free_pipe_list
                0x00000000178032c8       0xf4 common/built-in.o
 .text.xmalloc  0x00000000178033bc       0x20 common/built-in.o
 .text.new_pipe
                0x00000000178033dc       0x28 common/built-in.o
 .text.xrealloc
                0x0000000017803404       0x20 common/built-in.o
 .text.done_command
                0x0000000017803424       0x88 common/built-in.o
 .text.done_pipe
                0x00000000178034ac       0x48 common/built-in.o
 .text.done_word
                0x00000000178034f4      0x2d8 common/built-in.o
 .text.do_showvar
                0x00000000178037cc       0xf4 common/built-in.o
 .text.is_assignment
                0x00000000178038c0       0x5c common/built-in.o
 .text.file_get
                0x000000001780391c      0x1ec common/built-in.o
 .text.b_addchr
                0x0000000017803b08       0x80 common/built-in.o
 .text.b_addqchr
                0x0000000017803b88       0x50 common/built-in.o
 .text.static_peek
                0x0000000017803bd8        0xc common/built-in.o
 .text.get_local_var
                0x0000000017803be4       0xa0 common/built-in.o
                0x0000000017803be4                get_local_var
 .text.set_local_var
                0x0000000017803c84      0x1ac common/built-in.o
                0x0000000017803c84                set_local_var
 .text.insert_var_value_sub
                0x0000000017803e30      0x2c0 common/built-in.o
 .text.parse_string_outer
                0x00000000178040f0       0xe4 common/built-in.o
                0x00000000178040f0                parse_string_outer
 .text.run_list_real
                0x00000000178041d4      0x7b8 common/built-in.o
 .text.parse_stream_outer
                0x000000001780498c      0x6d0 common/built-in.o
 .text.parse_file_outer
                0x000000001780505c       0x44 common/built-in.o
                0x000000001780505c                parse_file_outer
 .text.u_boot_hush_start
                0x00000000178050a0       0x54 common/built-in.o
                0x00000000178050a0                u_boot_hush_start
 .text.bootdelay_process
                0x00000000178050f4       0x50 common/built-in.o
                0x00000000178050f4                bootdelay_process
 .text.autoboot_command
                0x0000000017805144       0xd0 common/built-in.o
                0x0000000017805144                autoboot_command
 .text.setup_mon_len
                0x0000000017805214       0x20 common/built-in.o
 .text.reserve_round_4k
                0x0000000017805234       0x18 common/built-in.o
 .text.reserve_mmu
                0x000000001780524c       0x38 common/built-in.o
 .text.reserve_uboot
                0x0000000017805284       0x30 common/built-in.o
 .text.reserve_malloc
                0x00000000178052b4       0x18 common/built-in.o
 .text.setup_machine
                0x00000000178052cc       0x14 common/built-in.o
 .text.reserve_global_data
                0x00000000178052e0       0x1c common/built-in.o
 .text.reserve_fdt
                0x00000000178052fc       0x4c common/built-in.o
 .text.display_new_sp
                0x0000000017805348        0x8 common/built-in.o
 .text.arch_cpu_init_dm
                0x0000000017805350        0x8 common/built-in.o
                0x0000000017805350                arch_cpu_init_dm
 .text.announce_dram_init
                0x0000000017805358       0x18 common/built-in.o
 .text.init_func_i2c
                0x0000000017805370       0x28 common/built-in.o
 .text.init_baud_rate
                0x0000000017805398       0x2c common/built-in.o
 .text.initf_dm
                0x00000000178053c4        0x8 common/built-in.o
 .text.mark_bootstage
                0x00000000178053cc       0x14 common/built-in.o
 .text.setup_reloc
                0x00000000178053e0       0x3c common/built-in.o
 .text.reloc_fdt
                0x000000001780541c       0x44 common/built-in.o
 .text.reserve_board
                0x0000000017805460       0x40 common/built-in.o
 .text.reserve_arch
                0x00000000178054a0        0x8 common/built-in.o
                0x00000000178054a0                reserve_arch
 .text.display_text_info
                0x00000000178054a8        0x8 common/built-in.o
 .text.reserve_trace
                0x00000000178054b0        0x8 common/built-in.o
 .text.coloured_LED_init
                0x00000000178054b8        0x4 common/built-in.o
                0x00000000178054b8                coloured_LED_init
 .text.red_led_on
                0x00000000178054bc        0x4 common/built-in.o
                0x00000000178054bc                red_led_on
 .text.board_add_ram_info
                0x00000000178054c0        0x4 common/built-in.o
                0x00000000178054c0                board_add_ram_info
 .text.show_dram_config
                0x00000000178054c4       0x38 common/built-in.o
 .text.dram_init_banksize
                0x00000000178054fc       0x20 common/built-in.o
                0x00000000178054fc                dram_init_banksize
 .text.setup_dram_config
                0x000000001780551c       0x10 common/built-in.o
 .text.board_get_usable_ram_top
                0x000000001780552c       0x14 common/built-in.o
                0x000000001780552c                board_get_usable_ram_top
 .text.setup_dest_addr
                0x0000000017805540       0x3c common/built-in.o
 .text.reserve_stacks
                0x000000001780557c       0x1c common/built-in.o
 .text.board_init_f
                0x0000000017805598       0x28 common/built-in.o
                0x0000000017805598                board_init_f
 .text.bootstage_relocate
                0x00000000178055c0        0x8 common/built-in.o
 .text.initr_reloc_global_data
                0x00000000178055c8       0x28 common/built-in.o
 .text.initr_announce
                0x00000000178055f0        0x8 common/built-in.o
 .text.run_main_loop
                0x00000000178055f8        0xc common/built-in.o
 .text.initr_net
                0x0000000017805604       0x1c common/built-in.o
 .text.initr_ethaddr
                0x0000000017805620       0x20 common/built-in.o
 .text.initr_enable_interrupts
                0x0000000017805640       0x10 common/built-in.o
 .text.initr_jumptable
                0x0000000017805650       0x10 common/built-in.o
 .text.initr_env
                0x0000000017805660       0x30 common/built-in.o
 .text.initr_mmc
                0x0000000017805690       0x20 common/built-in.o
 .text.initr_serial
                0x00000000178056b0       0x10 common/built-in.o
 .text.initr_dm
                0x00000000178056c0       0x14 common/built-in.o
 .text.initr_malloc
                0x00000000178056d4       0x24 common/built-in.o
 .text.initr_caches
                0x00000000178056f8       0x10 common/built-in.o
 .text.initr_reloc
                0x0000000017805708       0x24 common/built-in.o
 .text.initr_barrier
                0x000000001780572c        0x8 common/built-in.o
 .text.initr_trace
                0x0000000017805734        0x8 common/built-in.o
 .text.cpu_secondary_init_r
                0x000000001780573c        0x4 common/built-in.o
                0x000000001780573c                cpu_secondary_init_r
 .text.initr_secondary_cpu
                0x0000000017805740       0x10 common/built-in.o
 .text.board_init_r
                0x0000000017805750       0x14 common/built-in.o
                0x0000000017805750                board_init_r
 .text.show_board_info
                0x0000000017805764        0x4 common/built-in.o
                0x0000000017805764                show_board_info
 .text.do_go_exec
                0x0000000017805768       0x10 common/built-in.o
                0x0000000017805768                do_go_exec
 .text.do_go    0x0000000017805778       0x6c common/built-in.o
 .text.do_bootm
                0x00000000178057e4      0x10c common/built-in.o
                0x00000000178057e4                do_bootm
 .text.do_bootd
                0x00000000178058f0       0x20 common/built-in.o
                0x00000000178058f0                do_bootd
 .text.image_info
                0x0000000017805910       0xcc common/built-in.o
 .text.do_iminfo
                0x00000000178059dc       0x5c common/built-in.o
 .text.bootm_maybe_autostart
                0x0000000017805a38       0x78 common/built-in.o
                0x0000000017805a38                bootm_maybe_autostart
 .text.do_bootz
                0x0000000017805ab0       0xf8 common/built-in.o
                0x0000000017805ab0                do_bootz
 .text.bootm_find_images
                0x0000000017805ba8       0xa8 common/built-in.o
                0x0000000017805ba8                bootm_find_images
 .text.bootm_decomp_image
                0x0000000017805c50      0x14c common/built-in.o
                0x0000000017805c50                bootm_decomp_image
 .text.bootm_disable_interrupts
                0x0000000017805d9c       0x18 common/built-in.o
                0x0000000017805d9c                bootm_disable_interrupts
 .text.do_bootm_states
                0x0000000017805db4      0x7e4 common/built-in.o
                0x0000000017805db4                do_bootm_states
 .text.copy_args
                0x0000000017806598       0x50 common/built-in.o
 .text.do_bootm_rtems
                0x00000000178065e8       0x40 common/built-in.o
 .text.do_bootm_plan9
                0x0000000017806628       0xa4 common/built-in.o
 .text.do_bootm_standalone
                0x00000000178066cc       0x64 common/built-in.o
 .text.do_bootm_netbsd
                0x0000000017806730       0xf8 common/built-in.o
 .text.do_bootvx_fdt
                0x0000000017806828      0x10c common/built-in.o
                0x0000000017806828                do_bootvx_fdt
 .text.do_bootm_vxworks
                0x0000000017806934       0x24 common/built-in.o
 .text.boot_selected_os
                0x0000000017806958       0x58 common/built-in.o
                0x0000000017806958                boot_selected_os
 .text.bootm_os_get_boot_func
                0x00000000178069b0       0x10 common/built-in.o
                0x00000000178069b0                bootm_os_get_boot_func
 .text.do_help  0x00000000178069c0       0x44 common/built-in.o
 .text.do_version
                0x0000000017806a04       0x38 common/built-in.o
 .text.regex_callback
                0x0000000017806a3c      0x134 common/built-in.o
 .text.env_attr_walk
                0x0000000017806b70      0x128 common/built-in.o
                0x0000000017806b70                env_attr_walk
 .text.env_attr_lookup
                0x0000000017806c98       0x84 common/built-in.o
                0x0000000017806c98                env_attr_lookup
 .text.clear_callback
                0x0000000017806d1c       0x10 common/built-in.o
 .text.find_env_callback
                0x0000000017806d2c       0x64 common/built-in.o
 .text.on_callbacks
                0x0000000017806d90       0x50 common/built-in.o
 .text.set_callback
                0x0000000017806de0       0x94 common/built-in.o
 .text.env_callback_init
                0x0000000017806e74       0xc4 common/built-in.o
                0x0000000017806e74                env_callback_init
 .text.skip_num
                0x0000000017806f38       0x78 common/built-in.o
 .text.clear_flags
                0x0000000017806fb0       0x10 common/built-in.o
 .text.on_flags
                0x0000000017806fc0       0x50 common/built-in.o
 .text.env_flags_parse_vartype
                0x0000000017807010       0x50 common/built-in.o
                0x0000000017807010                env_flags_parse_vartype
 .text.env_flags_parse_varaccess
                0x0000000017807060       0x58 common/built-in.o
                0x0000000017807060                env_flags_parse_varaccess
 .text.set_flags
                0x00000000178070b8       0xac common/built-in.o
 .text.eth_validate_ethaddr_str
                0x0000000017807164       0x94 common/built-in.o
                0x0000000017807164                eth_validate_ethaddr_str
 .text.env_flags_init
                0x00000000178071f8       0xd8 common/built-in.o
                0x00000000178071f8                env_flags_init
 .text.env_flags_validate
                0x00000000178072d0      0x2b8 common/built-in.o
                0x00000000178072d0                env_flags_validate
 .text.saveenv  0x0000000017807588       0xe0 common/built-in.o
                0x0000000017807588                saveenv
 .text.env_relocate_spec
                0x0000000017807668       0xcc common/built-in.o
                0x0000000017807668                env_relocate_spec
 .text.env_init
                0x0000000017807734       0x1c common/built-in.o
                0x0000000017807734                env_init
 .text.source   0x0000000017807750       0xd8 common/built-in.o
                0x0000000017807750                source
 .text.do_source
                0x0000000017807828       0x44 common/built-in.o
 .text.print_num
                0x000000001780786c       0x14 common/built-in.o
 .text.do_bdinfo
                0x0000000017807880      0x180 common/built-in.o
 .text.parse_argv
                0x0000000017807a00       0x64 common/built-in.o
 .text.do_icache
                0x0000000017807a64       0x88 common/built-in.o
 .text.do_dcache
                0x0000000017807aec       0x88 common/built-in.o
 .text.do_coninfo
                0x0000000017807b74       0xc0 common/built-in.o
 .text.do_echo  0x0000000017807c34       0xb0 common/built-in.o
 .text.do_exit  0x0000000017807ce4       0x3c common/built-in.o
 .text.do_ext4_size
                0x0000000017807d20       0x18 common/built-in.o
                0x0000000017807d20                do_ext4_size
 .text.do_ext4_load
                0x0000000017807d38       0x18 common/built-in.o
                0x0000000017807d38                do_ext4_load
 .text.do_ext4_ls
                0x0000000017807d50       0x18 common/built-in.o
                0x0000000017807d50                do_ext4_ls
 .text.do_ext4_write
                0x0000000017807d68       0x18 common/built-in.o
                0x0000000017807d68                do_ext4_write
 .text.do_ext2load
                0x0000000017807d80       0x18 common/built-in.o
                0x0000000017807d80                do_ext2load
 .text.do_ext2ls
                0x0000000017807d98       0x18 common/built-in.o
 .text.do_fat_size
                0x0000000017807db0       0x18 common/built-in.o
                0x0000000017807db0                do_fat_size
 .text.do_fat_fsload
                0x0000000017807dc8       0x18 common/built-in.o
                0x0000000017807dc8                do_fat_fsload
 .text.do_fat_ls
                0x0000000017807de0       0x18 common/built-in.o
 .text.do_fat_fsinfo
                0x0000000017807df8       0x90 common/built-in.o
 .text.do_fat_fswrite
                0x0000000017807e88      0x10c common/built-in.o
 .text.fdt_valid
                0x0000000017807f94       0xbc common/built-in.o
 .text.is_printable_string
                0x0000000017808050       0x9c common/built-in.o
 .text.print_data
                0x00000000178080ec      0x174 common/built-in.o
 .text.set_working_fdt_addr
                0x0000000017808260       0x1c common/built-in.o
                0x0000000017808260                set_working_fdt_addr
 .text.do_fdt   0x000000001780827c      0xe48 common/built-in.o
 .text.fdt_find_and_setprop
                0x00000000178090c4       0x70 common/built-in.o
                0x00000000178090c4                fdt_find_and_setprop
 .text.fdt_find_or_add_subnode
                0x0000000017809134       0x60 common/built-in.o
                0x0000000017809134                fdt_find_or_add_subnode
 .text.fdt_root
                0x0000000017809194       0x90 common/built-in.o
                0x0000000017809194                fdt_root
 .text.fdt_initrd
                0x0000000017809224      0x1cc common/built-in.o
                0x0000000017809224                fdt_initrd
 .text.fdt_chosen
                0x00000000178093f0       0xa8 common/built-in.o
                0x00000000178093f0                fdt_chosen
 .text.do_fixup_by_path
                0x0000000017809498       0x54 common/built-in.o
                0x0000000017809498                do_fixup_by_path
 .text.fdt_fixup_memory_banks
                0x00000000178094ec      0x1b0 common/built-in.o
                0x00000000178094ec                fdt_fixup_memory_banks
 .text.fdt_fixup_memory
                0x000000001780969c       0x20 common/built-in.o
                0x000000001780969c                fdt_fixup_memory
 .text.fdt_fixup_ethernet
                0x00000000178096bc      0x15c common/built-in.o
                0x00000000178096bc                fdt_fixup_ethernet
 .text.fdt_shrink_to_minimum
                0x0000000017809818       0xcc common/built-in.o
                0x0000000017809818                fdt_shrink_to_minimum
 .text.do_size_wrapper
                0x00000000178098e4       0x18 common/built-in.o
 .text.do_load_wrapper
                0x00000000178098fc       0x18 common/built-in.o
 .text.do_save_wrapper
                0x0000000017809914       0x18 common/built-in.o
 .text.do_ls_wrapper
                0x000000001780992c       0x18 common/built-in.o
 .text.do_fstype_wrapper
                0x0000000017809944        0x4 common/built-in.o
 .text.strtou32
                0x0000000017809948       0x44 common/built-in.o
 .text.do_fuse  0x000000001780998c      0x360 common/built-in.o
 .text.name_to_gpio
                0x0000000017809cec        0xc common/built-in.o
                0x0000000017809cec                name_to_gpio
 .text.do_gpio  0x0000000017809cf8      0x150 common/built-in.o
 .text.do_i2c   0x0000000017809e48       0x68 common/built-in.o
 .text.do_i2c_reset
                0x0000000017809eb0       0x2c common/built-in.o
 .text.do_i2c_probe
                0x0000000017809edc       0x9c common/built-in.o
 .text.do_i2c_bus_speed
                0x0000000017809f78       0x74 common/built-in.o
 .text.do_i2c_show_bus
                0x0000000017809fec       0xd0 common/built-in.o
 .text.do_i2c_bus_num
                0x000000001780a0bc       0xb4 common/built-in.o
 .text.get_alen.constprop.7
                0x000000001780a170       0x3c common/built-in.o
 .text.do_i2c_crc
                0x000000001780a1ac      0x120 common/built-in.o
 .text.mod_i2c_mem.isra.4
                0x000000001780a2cc      0x1f0 common/built-in.o
 .text.do_i2c_nm
                0x000000001780a4bc        0x8 common/built-in.o
 .text.do_i2c_mm
                0x000000001780a4c4        0x8 common/built-in.o
 .text.do_i2c_md
                0x000000001780a4cc      0x1e4 common/built-in.o
 .text.do_i2c_read
                0x000000001780a6b0       0xbc common/built-in.o
 .text.do_i2c_mw
                0x000000001780a76c       0xfc common/built-in.o
 .text.do_i2c_write
                0x000000001780a868      0x14c common/built-in.o
 .text.do_i2c_loop
                0x000000001780a9b4       0xe4 common/built-in.o
 .text.i2c_init_board
                0x000000001780aa98        0x4 common/built-in.o
                0x000000001780aa98                i2c_init_board
 .text.evalexp  0x000000001780aa9c       0x74 common/built-in.o
 .text.evalstr  0x000000001780ab10       0x6c common/built-in.o
 .text.binary_test
                0x000000001780ab7c      0x1c0 common/built-in.o
 .text.do_itest
                0x000000001780ad3c       0x88 common/built-in.o
 .text.bin_data_init
                0x000000001780adc4       0x2c common/built-in.o
 .text.k_data_save
                0x000000001780adf0       0x4c common/built-in.o
 .text.k_data_restore
                0x000000001780ae3c       0x4c common/built-in.o
 .text.getcxmodem
                0x000000001780ae88       0x20 common/built-in.o
 .text.load_serial_ymodem
                0x000000001780aea8       0xcc common/built-in.o
 .text.bin_data_char
                0x000000001780af74       0x2c common/built-in.o
 .text.chk1.constprop.1
                0x000000001780afa0       0x2c common/built-in.o
 .text.s1_sendpacket.constprop.2
                0x000000001780afcc       0x50 common/built-in.o
 .text.load_serial
                0x000000001780b01c      0x1f0 common/built-in.o
 .text.do_load_serial
                0x000000001780b20c       0xdc common/built-in.o
 .text.do_load_serial_bin
                0x000000001780b2e8      0x7a4 common/built-in.o
 .text.do_mem_mw
                0x000000001780ba8c       0xc0 common/built-in.o
 .text.do_mem_loop
                0x000000001780bb4c       0xec common/built-in.o
 .text.do_mem_md
                0x000000001780bc38       0xe4 common/built-in.o
 .text.do_mem_cmp
                0x000000001780bd1c      0x168 common/built-in.o
 .text.do_mem_base
                0x000000001780be84       0x40 common/built-in.o
 .text.do_mem_cp
                0x000000001780bec4       0xd8 common/built-in.o
 .text.do_mem_crc
                0x000000001780bf9c       0x48 common/built-in.o
 .text.mod_mem.isra.0
                0x000000001780bfe4      0x16c common/built-in.o
 .text.do_mem_mm
                0x000000001780c150        0x8 common/built-in.o
 .text.do_mem_nm
                0x000000001780c158        0x8 common/built-in.o
 .text.miiphy_get_dev_by_name
                0x000000001780c160       0x60 common/built-in.o
                0x000000001780c160                miiphy_get_dev_by_name
 .text.miiphy_init
                0x000000001780c1c0       0x24 common/built-in.o
                0x000000001780c1c0                miiphy_init
 .text.mdio_alloc
                0x000000001780c1e4       0x30 common/built-in.o
                0x000000001780c1e4                mdio_alloc
 .text.mdio_register
                0x000000001780c214       0x98 common/built-in.o
                0x000000001780c214                mdio_register
 .text.mdio_list_devices
                0x000000001780c2ac       0x98 common/built-in.o
                0x000000001780c2ac                mdio_list_devices
 .text.miiphy_set_current_dev
                0x000000001780c344       0x40 common/built-in.o
                0x000000001780c344                miiphy_set_current_dev
 .text.miiphy_get_active_dev
                0x000000001780c384       0x54 common/built-in.o
 .text.mdio_get_current_dev
                0x000000001780c3d8       0x10 common/built-in.o
                0x000000001780c3d8                mdio_get_current_dev
 .text.mdio_phydev_for_ethname
                0x000000001780c3e8       0x88 common/built-in.o
                0x000000001780c3e8                mdio_phydev_for_ethname
 .text.miiphy_get_current_dev
                0x000000001780c470       0x18 common/built-in.o
                0x000000001780c470                miiphy_get_current_dev
 .text.miiphy_read
                0x000000001780c488       0x4c common/built-in.o
                0x000000001780c488                miiphy_read
 .text.miiphy_write
                0x000000001780c4d4       0x40 common/built-in.o
                0x000000001780c4d4                miiphy_write
 .text.miiphy_listdev
                0x000000001780c514       0x74 common/built-in.o
                0x000000001780c514                miiphy_listdev
 .text.miiphy_info
                0x000000001780c588       0x88 common/built-in.o
                0x000000001780c588                miiphy_info
 .text.miiphy_speed
                0x000000001780c610       0x94 common/built-in.o
                0x000000001780c610                miiphy_speed
 .text.miiphy_duplex
                0x000000001780c6a4       0x94 common/built-in.o
                0x000000001780c6a4                miiphy_duplex
 .text.miiphy_is_1000base_x
                0x000000001780c738        0x8 common/built-in.o
                0x000000001780c738                miiphy_is_1000base_x
 .text.extract_range
                0x000000001780c740       0xe4 common/built-in.o
 .text.do_mii   0x000000001780c824      0x8d4 common/built-in.o
 .text.do_mdio  0x000000001780d0f8      0x4ec common/built-in.o
 .text.do_sleep
                0x000000001780d5e4       0x70 common/built-in.o
 .text.do_mmcops
                0x000000001780d654       0xb8 common/built-in.o
 .text.init_mmc_device
                0x000000001780d70c       0x54 common/built-in.o
 .text.do_mmc_rescan
                0x000000001780d760       0x24 common/built-in.o
 .text.do_mmc_hwpartition
                0x000000001780d784      0x510 common/built-in.o
 .text.do_mmc_list
                0x000000001780dc94       0x14 common/built-in.o
 .text.do_mmc_dev
                0x000000001780dca8      0x134 common/built-in.o
 .text.do_mmc_part
                0x000000001780dddc       0x5c common/built-in.o
 .text.do_mmc_erase
                0x000000001780de38       0xe8 common/built-in.o
 .text.do_mmc_write
                0x000000001780df20      0x100 common/built-in.o
 .text.do_mmc_read
                0x000000001780e020       0xec common/built-in.o
 .text.do_mmcinfo
                0x000000001780e10c      0x370 common/built-in.o
 .text.do_mmc_setdsr
                0x000000001780e47c       0xb0 common/built-in.o
 .text.cpu_cmd  0x000000001780e52c      0x160 common/built-in.o
 .text.netboot_common
                0x000000001780e68c      0x294 common/built-in.o
 .text.do_bootp
                0x000000001780e920        0xc common/built-in.o
 .text.do_dhcp  0x000000001780e92c        0xc common/built-in.o
 .text.do_nfs   0x000000001780e938        0xc common/built-in.o
 .text.do_tftpb
                0x000000001780e944       0x40 common/built-in.o
                0x000000001780e944                do_tftpb
 .text.do_ping  0x000000001780e984       0x78 common/built-in.o
 .text.__sata_initialize
                0x000000001780e9fc       0xb0 common/built-in.o
                0x000000001780e9fc                sata_initialize
                0x000000001780e9fc                __sata_initialize
 .text.__sata_stop
                0x000000001780eaac       0x28 common/built-in.o
                0x000000001780eaac                __sata_stop
                0x000000001780eaac                sata_stop
 .text.do_sata  0x000000001780ead4      0x3fc common/built-in.o
 .text.sata_get_dev
                0x000000001780eed0       0x1c common/built-in.o
                0x000000001780eed0                sata_get_dev
 .text.bytes_per_second
                0x000000001780eeec       0x50 common/built-in.o
 .text.do_spi_flash
                0x000000001780ef3c      0x864 common/built-in.o
 .text.substitute
                0x000000001780f7a0       0xf0 common/built-in.o
 .text.get_arg  0x000000001780f890       0x58 common/built-in.o
 .text.regex_sub
                0x000000001780f8e8      0x450 common/built-in.o
 .text.do_setexpr
                0x000000001780fd38      0x1a0 common/built-in.o
 .text.do_false
                0x000000001780fed8        0x8 common/built-in.o
 .text.do_true  0x000000001780fee0        0x8 common/built-in.o
 .text.do_test  0x000000001780fee8      0x338 common/built-in.o
 .text.usb_get_class_desc
                0x0000000017810220       0xbc common/built-in.o
 .text.usb_display_class_sub
                0x00000000178102dc      0x170 common/built-in.o
 .text.usb_find_device
                0x000000001781044c       0x3c common/built-in.o
 .text.usb_show_tree_graph
                0x0000000017810488      0x228 common/built-in.o
 .text.usb_display_string
                0x00000000178106b0       0x44 common/built-in.o
 .text.usb_display_config
                0x00000000178106f4      0x20c common/built-in.o
 .text.do_usbboot
                0x0000000017810900        0xc common/built-in.o
 .text.do_usb_start
                0x000000001781090c       0x38 common/built-in.o
 .text.usb_display_desc.part.2
                0x0000000017810944      0x12c common/built-in.o
 .text.do_usb   0x0000000017810a70      0x78c common/built-in.o
 .text.usb_set_maxpacket_ep
                0x00000000178111fc       0x70 common/built-in.o
 .text.usb_stop
                0x000000001781126c       0x80 common/built-in.o
                0x000000001781126c                usb_stop
 .text.usb_disable_asynch
                0x00000000178112ec       0x20 common/built-in.o
                0x00000000178112ec                usb_disable_asynch
 .text.usb_control_msg
                0x000000001781130c       0xc0 common/built-in.o
                0x000000001781130c                usb_control_msg
 .text.usb_get_descriptor
                0x00000000178113cc       0x58 common/built-in.o
 .text.get_descriptor_len
                0x0000000017811424       0x90 common/built-in.o
 .text.usb_get_string
                0x00000000178114b4       0x70 common/built-in.o
 .text.usb_string_sub
                0x0000000017811524      0x108 common/built-in.o
 .text.usb_bulk_msg
                0x000000001781162c       0x70 common/built-in.o
                0x000000001781162c                usb_bulk_msg
 .text.usb_maxpacket
                0x000000001781169c       0x1c common/built-in.o
                0x000000001781169c                usb_maxpacket
 .text.usb_clear_halt
                0x00000000178116b8       0x90 common/built-in.o
                0x00000000178116b8                usb_clear_halt
 .text.usb_get_configuration_no
                0x0000000017811748       0xbc common/built-in.o
                0x0000000017811748                usb_get_configuration_no
 .text.usb_set_interface
                0x0000000017811804       0xb4 common/built-in.o
                0x0000000017811804                usb_set_interface
 .text.usb_string
                0x00000000178118b8      0x100 common/built-in.o
                0x00000000178118b8                usb_string
 .text.usb_get_dev_index
                0x00000000178119b8       0x24 common/built-in.o
                0x00000000178119b8                usb_get_dev_index
 .text.usb_alloc_new_device
                0x00000000178119dc       0x9c common/built-in.o
                0x00000000178119dc                usb_alloc_new_device
 .text.usb_free_device
                0x0000000017811a78       0x48 common/built-in.o
                0x0000000017811a78                usb_free_device
 .text.usb_alloc_device
                0x0000000017811ac0        0x8 common/built-in.o
                0x0000000017811ac0                usb_alloc_device
 .text.usb_select_config
                0x0000000017811ac8      0x418 common/built-in.o
                0x0000000017811ac8                usb_select_config
 .text.usb_setup_device
                0x0000000017811ee0      0x19c common/built-in.o
                0x0000000017811ee0                usb_setup_device
 .text.usb_new_device
                0x000000001781207c       0x34 common/built-in.o
                0x000000001781207c                usb_new_device
 .text.usb_init
                0x00000000178120b0      0x168 common/built-in.o
                0x00000000178120b0                usb_init
 .text.board_usb_init
                0x0000000017812218        0x8 common/built-in.o
                0x0000000017812218                board_usb_init
 .text.board_usb_cleanup
                0x0000000017812220        0x8 common/built-in.o
                0x0000000017812220                board_usb_cleanup
 .text.usb_device_has_child_on_port
                0x0000000017812228       0x14 common/built-in.o
                0x0000000017812228                usb_device_has_child_on_port
 .text.usb_set_port_feature
                0x000000001781223c       0x4c common/built-in.o
 .text.usb_clear_port_feature
                0x0000000017812288       0x4c common/built-in.o
 .text.usb_get_hub_descriptor
                0x00000000178122d4       0x4c common/built-in.o
 .text.usb_hub_power_on
                0x0000000017812320       0x6c common/built-in.o
 .text.usb_hub_reset_devices
                0x000000001781238c        0x4 common/built-in.o
                0x000000001781238c                usb_hub_reset_devices
 .text.usb_get_port_status
                0x0000000017812390       0x4c common/built-in.o
                0x0000000017812390                usb_get_port_status
 .text.usb_hub_reset
                0x00000000178123dc       0x14 common/built-in.o
                0x00000000178123dc                usb_hub_reset
 .text.legacy_hub_port_reset
                0x00000000178123f0       0xa0 common/built-in.o
                0x00000000178123f0                legacy_hub_port_reset
 .text.usb_hub_port_connect_change
                0x0000000017812490      0x16c common/built-in.o
                0x0000000017812490                usb_hub_port_connect_change
 .text.usb_hub_configure
                0x00000000178125fc      0x2c8 common/built-in.o
 .text.usb_hub_probe
                0x00000000178128c4       0x58 common/built-in.o
                0x00000000178128c4                usb_hub_probe
 .text.usb_stor_irq
                0x000000001781291c       0x1c common/built-in.o
 .text.usb_stor_BBB_reset
                0x0000000017812938       0xd0 common/built-in.o
 .text.usb_stor_CB_reset
                0x0000000017812a08       0xd0 common/built-in.o
 .text.usb_stor_BBB_clear_endpt_stall.isra.2
                0x0000000017812ad8       0x40 common/built-in.o
 .text.usb_stor_BBB_transport
                0x0000000017812b18      0x25c common/built-in.o
 .text.usb_stor_CB_comdat
                0x0000000017812d74      0x204 common/built-in.o
 .text.usb_stor_CBI_get_status.isra.4
                0x0000000017812f78       0xc8 common/built-in.o
 .text.usb_stor_CB_transport
                0x0000000017813040      0x228 common/built-in.o
 .text.usb_request_sense.constprop.10
                0x0000000017813268       0x70 common/built-in.o
 .text.usb_stor_write
                0x00000000178132d8      0x188 common/built-in.o
                0x00000000178132d8                usb_stor_write
 .text.usb_stor_read
                0x0000000017813460      0x188 common/built-in.o
                0x0000000017813460                usb_stor_read
 .text.usb_stor_get_dev
                0x00000000178135e8       0x28 common/built-in.o
                0x00000000178135e8                usb_stor_get_dev
 .text.usb_stor_info
                0x0000000017813610       0x74 common/built-in.o
                0x0000000017813610                usb_stor_info
 .text.usb_storage_probe
                0x0000000017813684      0x204 common/built-in.o
                0x0000000017813684                usb_storage_probe
 .text.usb_stor_get_info
                0x0000000017813888      0x31c common/built-in.o
                0x0000000017813888                usb_stor_get_info
 .text.usb_stor_scan
                0x0000000017813ba4      0x1f8 common/built-in.o
                0x0000000017813ba4                usb_stor_scan
 .text.do_fastboot
                0x0000000017813d9c       0xd8 common/built-in.o
 .text.ums_read_sector
                0x0000000017813e74       0x24 common/built-in.o
 .text.ums_write_sector
                0x0000000017813e98       0x24 common/built-in.o
 .text.ums_init
                0x0000000017813ebc       0x60 common/built-in.o
                0x0000000017813ebc                ums_init
 .text.do_usb_mass_storage
                0x0000000017813f1c      0x1a8 common/built-in.o
                0x0000000017813f1c                do_usb_mass_storage
 .text.do_imgextract
                0x00000000178140c4      0x28c common/built-in.o
 .text.do_dfu   0x0000000017814350      0x118 common/built-in.o
 .text.do_env_delete
                0x0000000017814468       0x9c common/built-in.o
 .text.do_env_exists
                0x0000000017814504       0x64 common/built-in.o
 .text.do_env_save
                0x0000000017814568       0x2c common/built-in.o
 .text.do_env   0x0000000017814594       0x68 common/built-in.o
 .text.env_print
                0x00000000178145fc       0xc0 common/built-in.o
 .text.do_env_print
                0x00000000178146bc       0xc4 common/built-in.o
 .text.do_env_import
                0x0000000017814780      0x284 common/built-in.o
 .text.do_env_default
                0x0000000017814a04       0xa8 common/built-in.o
 .text._do_env_set.isra.0
                0x0000000017814aac      0x1bc common/built-in.o
 .text.do_env_set
                0x0000000017814c68       0x20 common/built-in.o
 .text.get_env_id
                0x0000000017814c88       0x10 common/built-in.o
                0x0000000017814c88                get_env_id
 .text.setenv   0x0000000017814c98       0x60 common/built-in.o
                0x0000000017814c98                setenv
 .text.setenv_ulong
                0x0000000017814cf8       0x20 common/built-in.o
                0x0000000017814cf8                setenv_ulong
 .text.setenv_hex
                0x0000000017814d18       0x34 common/built-in.o
                0x0000000017814d18                setenv_hex
 .text.do_env_export
                0x0000000017814d4c      0x258 common/built-in.o
 .text.envmatch
                0x0000000017814fa4       0x6c common/built-in.o
                0x0000000017814fa4                envmatch
 .text.getenv_f
                0x0000000017815010       0xc0 common/built-in.o
                0x0000000017815010                getenv_f
 .text.getenv   0x00000000178150d0       0x78 common/built-in.o
                0x00000000178150d0                getenv
 .text.getenv_hex
                0x0000000017815148       0x3c common/built-in.o
                0x0000000017815148                getenv_hex
 .text.getenv_ulong
                0x0000000017815184       0x30 common/built-in.o
                0x0000000017815184                getenv_ulong
 .text.do_env_edit.part.2
                0x00000000178151b4       0xa0 common/built-in.o
 .text.do_env_edit
                0x0000000017815254       0x2c common/built-in.o
 .text.env_get_char_spec
                0x0000000017815280        0xc common/built-in.o
                0x0000000017815280                env_get_char_spec
 .text.env_get_addr
                0x000000001781528c       0x20 common/built-in.o
                0x000000001781528c                env_get_addr
 .text.env_get_char_memory
                0x00000000178152ac       0x10 common/built-in.o
                0x00000000178152ac                env_get_char_memory
 .text.env_get_char
                0x00000000178152bc       0x30 common/built-in.o
                0x00000000178152bc                env_get_char
 .text.getenv_yesno
                0x00000000178152ec       0x40 common/built-in.o
                0x00000000178152ec                getenv_yesno
 .text.getenv_default
                0x000000001781532c       0x30 common/built-in.o
                0x000000001781532c                getenv_default
 .text.set_default_env
                0x000000001781535c       0xc0 common/built-in.o
                0x000000001781535c                set_default_env
 .text.set_default_vars
                0x000000001781541c       0x38 common/built-in.o
                0x000000001781541c                set_default_vars
 .text.env_import
                0x0000000017815454       0xdc common/built-in.o
                0x0000000017815454                env_import
 .text.env_export
                0x0000000017815530       0xa0 common/built-in.o
                0x0000000017815530                env_export
 .text.env_relocate
                0x00000000178155d0       0x2c common/built-in.o
                0x00000000178155d0                env_relocate
 .text.env_complete
                0x00000000178155fc       0xf0 common/built-in.o
                0x00000000178155fc                env_complete
 .text.console_setfile
                0x00000000178156ec       0xc0 common/built-in.o
 .text.putc     0x00000000178157ac       0x34 common/built-in.o
                0x00000000178157ac                putc
 .text.puts     0x00000000178157e0       0x34 common/built-in.o
                0x00000000178157e0                puts
 .text.printf   0x0000000017815814       0x40 common/built-in.o
                0x0000000017815814                printf
 .text.fgetc    0x0000000017815854       0x24 common/built-in.o
                0x0000000017815854                fgetc
 .text.getc     0x0000000017815878       0x24 common/built-in.o
                0x0000000017815878                getc
 .text.ftstc    0x000000001781589c       0x24 common/built-in.o
                0x000000001781589c                ftstc
 .text.tstc     0x00000000178158c0       0x24 common/built-in.o
                0x00000000178158c0                tstc
 .text.vprintf  0x00000000178158e4       0x30 common/built-in.o
                0x00000000178158e4                vprintf
 .text.ctrlc    0x0000000017815914       0x58 common/built-in.o
                0x0000000017815914                ctrlc
 .text.confirm_yesno
                0x000000001781596c       0xd4 common/built-in.o
                0x000000001781596c                confirm_yesno
 .text.had_ctrlc
                0x0000000017815a40       0x10 common/built-in.o
                0x0000000017815a40                had_ctrlc
 .text.clear_ctrlc
                0x0000000017815a50       0x14 common/built-in.o
                0x0000000017815a50                clear_ctrlc
 .text.search_device
                0x0000000017815a64       0x28 common/built-in.o
                0x0000000017815a64                search_device
 .text.console_assign
                0x0000000017815a8c       0x48 common/built-in.o
                0x0000000017815a8c                console_assign
 .text.on_console
                0x0000000017815ad4       0xb8 common/built-in.o
 .text.console_init_f
                0x0000000017815b8c       0x10 common/built-in.o
                0x0000000017815b8c                console_init_f
 .text.stdio_print_current_devices
                0x0000000017815b9c       0xb0 common/built-in.o
                0x0000000017815b9c                stdio_print_current_devices
 .text.console_init_r
                0x0000000017815c4c       0xd8 common/built-in.o
                0x0000000017815c4c                console_init_r
 .text.sbrk     0x0000000017815d24       0x6c common/built-in.o
                0x0000000017815d24                sbrk
 .text.mem_malloc_init
                0x0000000017815d90       0x34 common/built-in.o
                0x0000000017815d90                mem_malloc_init
 .text.malloc_trim
                0x0000000017815dc4       0xcc common/built-in.o
                0x0000000017815dc4                malloc_trim
 .text.free     0x0000000017815e90      0x24c common/built-in.o
                0x0000000017815e90                free
 .text.malloc   0x00000000178160dc      0x638 common/built-in.o
                0x00000000178160dc                malloc
 .text.calloc   0x0000000017816714      0x144 common/built-in.o
                0x0000000017816714                calloc
 .text.realloc  0x0000000017816858      0x4e0 common/built-in.o
                0x0000000017816858                realloc
 .text.memalign
                0x0000000017816d38      0x10c common/built-in.o
                0x0000000017816d38                memalign
 .text.initf_malloc
                0x0000000017816e44       0x18 common/built-in.o
                0x0000000017816e44                initf_malloc
 .text.malloc_simple
                0x0000000017816e5c       0x30 common/built-in.o
                0x0000000017816e5c                malloc_simple
 .text.on_loadaddr
                0x0000000017816e8c       0x38 common/built-in.o
 .text.image_check_hcrc
                0x0000000017816ec4       0x4c common/built-in.o
                0x0000000017816ec4                image_check_hcrc
 .text.image_check_dcrc
                0x0000000017816f10       0x38 common/built-in.o
                0x0000000017816f10                image_check_dcrc
 .text.image_multi_count
                0x0000000017816f48       0x1c common/built-in.o
                0x0000000017816f48                image_multi_count
 .text.image_multi_getimg
                0x0000000017816f64       0x80 common/built-in.o
                0x0000000017816f64                image_multi_getimg
 .text.getenv_bootm_low
                0x0000000017816fe4       0x30 common/built-in.o
                0x0000000017816fe4                getenv_bootm_low
 .text.getenv_bootm_size
                0x0000000017817014       0x5c common/built-in.o
                0x0000000017817014                getenv_bootm_size
 .text.getenv_bootm_mapsize
                0x0000000017817070       0x30 common/built-in.o
                0x0000000017817070                getenv_bootm_mapsize
 .text.memmove_wd
                0x00000000178170a0        0xc common/built-in.o
                0x00000000178170a0                memmove_wd
 .text.genimg_print_size
                0x00000000178170ac       0x30 common/built-in.o
                0x00000000178170ac                genimg_print_size
 .text.get_table_entry
                0x00000000178170dc       0x24 common/built-in.o
                0x00000000178170dc                get_table_entry
 .text.get_table_entry_name
                0x0000000017817100       0x20 common/built-in.o
                0x0000000017817100                get_table_entry_name
 .text.genimg_get_os_name
                0x0000000017817120       0x18 common/built-in.o
                0x0000000017817120                genimg_get_os_name
 .text.genimg_get_arch_name
                0x0000000017817138       0x18 common/built-in.o
                0x0000000017817138                genimg_get_arch_name
 .text.genimg_get_type_name
                0x0000000017817150       0x18 common/built-in.o
                0x0000000017817150                genimg_get_type_name
 .text.genimg_get_comp_name
                0x0000000017817168       0x18 common/built-in.o
                0x0000000017817168                genimg_get_comp_name
 .text.image_print_contents
                0x0000000017817180      0x178 common/built-in.o
                0x0000000017817180                image_print_contents
 .text.genimg_get_kernel_addr_fit
                0x00000000178172f8       0x24 common/built-in.o
                0x00000000178172f8                genimg_get_kernel_addr_fit
 .text.genimg_get_format
                0x000000001781731c       0x50 common/built-in.o
                0x000000001781731c                genimg_get_format
 .text.genimg_get_image
                0x000000001781736c        0x4 common/built-in.o
                0x000000001781736c                genimg_get_image
 .text.genimg_has_config
                0x0000000017817370        0x8 common/built-in.o
                0x0000000017817370                genimg_has_config
 .text.boot_get_ramdisk
                0x0000000017817378      0x2a8 common/built-in.o
                0x0000000017817378                boot_get_ramdisk
 .text.boot_ramdisk_high
                0x0000000017817620      0x13c common/built-in.o
                0x0000000017817620                boot_ramdisk_high
 .text.boot_get_setup
                0x000000001781775c        0x8 common/built-in.o
                0x000000001781775c                boot_get_setup
 .text.image_setup_linux
                0x0000000017817764       0x8c common/built-in.o
                0x0000000017817764                image_setup_linux
 .text.android_image_get_kernel
                0x00000000178177f0      0x164 common/built-in.o
                0x00000000178177f0                android_image_get_kernel
 .text.android_image_check_header
                0x0000000017817954       0x14 common/built-in.o
                0x0000000017817954                android_image_check_header
 .text.android_image_get_end
                0x0000000017817968       0x4c common/built-in.o
                0x0000000017817968                android_image_get_end
 .text.android_image_get_kload
                0x00000000178179b4       0x20 common/built-in.o
                0x00000000178179b4                android_image_get_kload
 .text.android_image_get_ramdisk
                0x00000000178179d4       0x7c common/built-in.o
                0x00000000178179d4                android_image_get_ramdisk
 .text.fdt_error
                0x0000000017817a50       0x2c common/built-in.o
 .text.boot_fdt_add_mem_rsv_regions
                0x0000000017817a7c       0x88 common/built-in.o
                0x0000000017817a7c                boot_fdt_add_mem_rsv_regions
 .text.boot_relocate_fdt
                0x0000000017817b04      0x198 common/built-in.o
                0x0000000017817b04                boot_relocate_fdt
 .text.boot_get_fdt
                0x0000000017817c9c      0x2ac common/built-in.o
                0x0000000017817c9c                boot_get_fdt
 .text.ft_verify_fdt
                0x0000000017817f48        0x8 common/built-in.o
                0x0000000017817f48                ft_verify_fdt
 .text.image_setup_libfdt
                0x0000000017817f50      0x100 common/built-in.o
                0x0000000017817f50                image_setup_libfdt
 .text.get_effective_memsize
                0x0000000017818050        0x8 common/built-in.o
                0x0000000017818050                get_effective_memsize
 .text.stdio_serial_tstc
                0x0000000017818058        0x4 common/built-in.o
 .text.stdio_serial_getc
                0x000000001781805c        0x4 common/built-in.o
 .text.stdio_serial_puts
                0x0000000017818060        0x8 common/built-in.o
 .text.stdio_serial_putc
                0x0000000017818068        0x8 common/built-in.o
 .text.stdio_get_list
                0x0000000017818070        0xc common/built-in.o
                0x0000000017818070                stdio_get_list
 .text.stdio_get_by_name
                0x000000001781807c       0x5c common/built-in.o
                0x000000001781807c                stdio_get_by_name
 .text.stdio_clone
                0x00000000178180d8       0x38 common/built-in.o
                0x00000000178180d8                stdio_clone
 .text.stdio_register_dev
                0x0000000017818110       0x50 common/built-in.o
                0x0000000017818110                stdio_register_dev
 .text.stdio_register
                0x0000000017818160        0x8 common/built-in.o
                0x0000000017818160                stdio_register
 .text.stdio_init_tables
                0x0000000017818168       0x1c common/built-in.o
                0x0000000017818168                stdio_init_tables
 .text.stdio_add_devices
                0x0000000017818184       0x7c common/built-in.o
                0x0000000017818184                stdio_add_devices
 .text.run_command
                0x0000000017818200       0x10 common/built-in.o
                0x0000000017818200                run_command
 .text.run_command_list
                0x0000000017818210       0x5c common/built-in.o
                0x0000000017818210                run_command_list
 .text.do_run   0x000000001781826c       0x78 common/built-in.o
                0x000000001781826c                do_run
 .text.cli_loop
                0x00000000178182e4        0xc common/built-in.o
                0x00000000178182e4                cli_loop
 .text.cli_init
                0x00000000178182f0        0x4 common/built-in.o
                0x00000000178182f0                cli_init
 .text.delete_char.part.0
                0x00000000178182f4       0xd0 common/built-in.o
 .text.cread_add_char
                0x00000000178183c4       0xe8 common/built-in.o
 .text.cli_readline_into_buffer
                0x00000000178184ac      0x9c0 common/built-in.o
                0x00000000178184ac                cli_readline_into_buffer
 .text.cli_readline
                0x0000000017818e6c       0x14 common/built-in.o
                0x0000000017818e6c                cli_readline
 .text.find_cmd_tbl
                0x0000000017818e80       0xa4 common/built-in.o
                0x0000000017818e80                find_cmd_tbl
 .text.find_cmd
                0x0000000017818f24       0x28 common/built-in.o
                0x0000000017818f24                find_cmd
 .text.cmd_usage
                0x0000000017818f4c       0x5c common/built-in.o
                0x0000000017818f4c                cmd_usage
 .text._do_help
                0x0000000017818fa8      0x178 common/built-in.o
                0x0000000017818fa8                _do_help
 .text.var_complete
                0x0000000017819120       0x84 common/built-in.o
                0x0000000017819120                var_complete
 .text.cmd_auto_complete
                0x00000000178191a4      0x4b4 common/built-in.o
                0x00000000178191a4                cmd_auto_complete
 .text.cmd_get_data_size
                0x0000000017819658       0x5c common/built-in.o
                0x0000000017819658                cmd_get_data_size
 .text.cmd_process
                0x00000000178196b4       0xec common/built-in.o
                0x00000000178196b4                cmd_process
 .text.cmd_process_error
                0x00000000178197a0       0x30 common/built-in.o
                0x00000000178197a0                cmd_process_error
 .text.hex1_bin
                0x00000000178197d0       0x40 common/built-in.o
 .text.hex2_bin
                0x0000000017819810       0x38 common/built-in.o
 .text.srec_decode
                0x0000000017819848      0x254 common/built-in.o
                0x0000000017819848                srec_decode
 .text.CYGACC_COMM_IF_GETC_TIMEOUT.isra.0
                0x0000000017819a9c       0x5c common/built-in.o
 .text.xyzModem_flush
                0x0000000017819af8       0x1c common/built-in.o
 .text.xyzModem_get_hdr
                0x0000000017819b14      0x230 common/built-in.o
 .text.xyzModem_stream_open
                0x0000000017819d44      0x224 common/built-in.o
                0x0000000017819d44                xyzModem_stream_open
 .text.xyzModem_stream_read
                0x0000000017819f68      0x254 common/built-in.o
                0x0000000017819f68                xyzModem_stream_read
 .text.xyzModem_stream_close
                0x000000001781a1bc       0x54 common/built-in.o
                0x000000001781a1bc                xyzModem_stream_close
 .text.xyzModem_stream_terminate
                0x000000001781a210       0x94 common/built-in.o
                0x000000001781a210                xyzModem_stream_terminate
 .text.xyzModem_error
                0x000000001781a2a4       0x20 common/built-in.o
                0x000000001781a2a4                xyzModem_error
 .text.common_diskboot
                0x000000001781a2c4      0x23c common/built-in.o
                0x000000001781a2c4                common_diskboot
 .text.get_dev_hwpart
                0x000000001781a500       0xa8 disk/built-in.o
 .text.dev_print
                0x000000001781a5a8      0x25c disk/built-in.o
                0x000000001781a5a8                dev_print
 .text.init_part
                0x000000001781a804       0x20 disk/built-in.o
                0x000000001781a804                init_part
 .text.print_part
                0x000000001781a824       0xf4 disk/built-in.o
                0x000000001781a824                print_part
 .text.get_partition_info
                0x000000001781a918       0x2c disk/built-in.o
                0x000000001781a918                get_partition_info
 .text.get_device
                0x000000001781a944      0x114 disk/built-in.o
                0x000000001781a944                get_device
 .text.get_device_and_partition
                0x000000001781aa58      0x440 disk/built-in.o
                0x000000001781aa58                get_device_and_partition
 .text.test_block_type
                0x000000001781ae98       0x84 disk/built-in.o
 .text.print_partition_extended
                0x000000001781af1c      0x278 disk/built-in.o
 .text.get_partition_info_extended.constprop.1
                0x000000001781b194      0x300 disk/built-in.o
 .text.test_part_dos
                0x000000001781b494       0x64 disk/built-in.o
                0x000000001781b494                test_part_dos
 .text.print_part_dos
                0x000000001781b4f8       0x34 disk/built-in.o
                0x000000001781b4f8                print_part_dos
 .text.get_partition_info_dos
                0x000000001781b52c       0x20 disk/built-in.o
                0x000000001781b52c                get_partition_info_dos
 .text.alloc_priv
                0x000000001781b54c       0x48 drivers/built-in.o
 .text.device_bind
                0x000000001781b594      0x2d8 drivers/built-in.o
                0x000000001781b594                device_bind
 .text.device_bind_by_name
                0x000000001781b86c       0x60 drivers/built-in.o
                0x000000001781b86c                device_bind_by_name
 .text.device_probe
                0x000000001781b8cc        0x8 drivers/built-in.o
                0x000000001781b8cc                device_probe
 .text.device_probe_child
                0x000000001781b8d4      0x250 drivers/built-in.o
                0x000000001781b8d4                device_probe_child
 .text.dev_get_platdata
                0x000000001781bb24       0x34 drivers/built-in.o
                0x000000001781bb24                dev_get_platdata
 .text.dev_get_priv
                0x000000001781bb58       0x34 drivers/built-in.o
                0x000000001781bb58                dev_get_priv
 .text.lists_driver_lookup_name
                0x000000001781bb8c       0x4c drivers/built-in.o
                0x000000001781bb8c                lists_driver_lookup_name
 .text.lists_uclass_lookup
                0x000000001781bbd8       0x3c drivers/built-in.o
                0x000000001781bbd8                lists_uclass_lookup
 .text.lists_bind_drivers
                0x000000001781bc14       0x88 drivers/built-in.o
                0x000000001781bc14                lists_bind_drivers
 .text.dm_root  0x000000001781bc9c       0x2c drivers/built-in.o
                0x000000001781bc9c                dm_root
 .text.dm_init  0x000000001781bcc8       0x58 drivers/built-in.o
                0x000000001781bcc8                dm_init
 .text.dm_scan_platdata
                0x000000001781bd20       0x2c drivers/built-in.o
                0x000000001781bd20                dm_scan_platdata
 .text.dm_scan_other
                0x000000001781bd4c        0x8 drivers/built-in.o
                0x000000001781bd4c                dm_scan_other
 .text.dm_init_and_scan
                0x000000001781bd54       0x30 drivers/built-in.o
                0x000000001781bd54                dm_init_and_scan
 .text.uclass_find
                0x000000001781bd84       0x4c drivers/built-in.o
                0x000000001781bd84                uclass_find
 .text.uclass_get
                0x000000001781bdd0      0x124 drivers/built-in.o
                0x000000001781bdd0                uclass_get
 .text.uclass_find_device
                0x000000001781bef4       0x74 drivers/built-in.o
                0x000000001781bef4                uclass_find_device
 .text.uclass_find_device_by_seq
                0x000000001781bf68       0x7c drivers/built-in.o
                0x000000001781bf68                uclass_find_device_by_seq
 .text.uclass_get_device_tail
                0x000000001781bfe4       0x2c drivers/built-in.o
                0x000000001781bfe4                uclass_get_device_tail
 .text.uclass_get_device
                0x000000001781c010       0x30 drivers/built-in.o
                0x000000001781c010                uclass_get_device
 .text.uclass_bind_device
                0x000000001781c040       0xa4 drivers/built-in.o
                0x000000001781c040                uclass_bind_device
 .text.uclass_unbind_device
                0x000000001781c0e4       0x4c drivers/built-in.o
                0x000000001781c0e4                uclass_unbind_device
 .text.uclass_resolve_seq
                0x000000001781c130       0xb0 drivers/built-in.o
                0x000000001781c130                uclass_resolve_seq
 .text.uclass_pre_probe_device
                0x000000001781c1e0       0x64 drivers/built-in.o
                0x000000001781c1e0                uclass_pre_probe_device
 .text.uclass_post_probe_device
                0x000000001781c244       0x20 drivers/built-in.o
                0x000000001781c244                uclass_post_probe_device
 .text.uclass_pre_remove_device
                0x000000001781c264       0x5c drivers/built-in.o
                0x000000001781c264                uclass_pre_remove_device
 .text.dm_warn  0x000000001781c2c0       0x28 drivers/built-in.o
                0x000000001781c2c0                dm_warn
 .text.device_free
                0x000000001781c2e8       0x90 drivers/built-in.o
                0x000000001781c2e8                device_free
 .text.device_remove
                0x000000001781c378      0x114 drivers/built-in.o
                0x000000001781c378                device_remove
 .text.device_remove_children
                0x000000001781c48c       0x48 drivers/built-in.o
                0x000000001781c48c                device_remove_children
 .text.show_devices
                0x000000001781c4d4       0xfc drivers/built-in.o
 .text.dm_dump_all
                0x000000001781c5d0       0x3c drivers/built-in.o
                0x000000001781c5d0                dm_dump_all
 .text.dm_dump_uclass
                0x000000001781c60c       0xdc drivers/built-in.o
                0x000000001781c60c                dm_dump_uclass
 .text.ahci_exec_ata_cmd
                0x000000001781c6e8      0x260 drivers/built-in.o
 .text.dwc_ahsata_rw_cmd_ext
                0x000000001781c948       0xe0 drivers/built-in.o
 .text.dwc_ahsata_rw_cmd
                0x000000001781ca28       0xc8 drivers/built-in.o
 .text.init_sata
                0x000000001781caf0      0x54c drivers/built-in.o
                0x000000001781caf0                init_sata
 .text.reset_sata
                0x000000001781d03c       0x64 drivers/built-in.o
                0x000000001781d03c                reset_sata
 .text.dwc_ahsata_flush_cache
                0x000000001781d0a0       0x7c drivers/built-in.o
                0x000000001781d0a0                dwc_ahsata_flush_cache
 .text.dwc_ahsata_flush_cache_ext
                0x000000001781d11c       0x7c drivers/built-in.o
                0x000000001781d11c                dwc_ahsata_flush_cache_ext
 .text.ata_low_level_rw_lba48
                0x000000001781d198       0x84 drivers/built-in.o
                0x000000001781d198                ata_low_level_rw_lba48
 .text.ata_low_level_rw_lba28
                0x000000001781d21c       0x78 drivers/built-in.o
                0x000000001781d21c                ata_low_level_rw_lba28
 .text.sata_read
                0x000000001781d294       0x40 drivers/built-in.o
                0x000000001781d294                sata_read
 .text.sata_write
                0x000000001781d2d4       0x7c drivers/built-in.o
                0x000000001781d2d4                sata_write
 .text.scan_sata
                0x000000001781d350      0x390 drivers/built-in.o
                0x000000001781d350                scan_sata
 .text.ata_id_n_sectors
                0x000000001781d6e0       0x7c drivers/built-in.o
                0x000000001781d6e0                ata_id_n_sectors
 .text.ata_id_c_string
                0x000000001781d75c       0x78 drivers/built-in.o
                0x000000001781d75c                ata_id_c_string
 .text.ata_swap_buf_le16
                0x000000001781d7d4        0x4 drivers/built-in.o
                0x000000001781d7d4                ata_swap_buf_le16
 .text.finish_access
                0x000000001781d7d8       0x2c drivers/built-in.o
 .text.set_timing
                0x000000001781d804       0xb4 drivers/built-in.o
 .text.prepare_access
                0x000000001781d8b8       0x88 drivers/built-in.o
 .text.fuse_bank_physical
                0x000000001781d940       0x64 drivers/built-in.o
                0x000000001781d940                fuse_bank_physical
 .text.fuse_read
                0x000000001781d9a4       0x74 drivers/built-in.o
                0x000000001781d9a4                fuse_read
 .text.fuse_sense
                0x000000001781da18       0xac drivers/built-in.o
                0x000000001781da18                fuse_sense
 .text.fuse_prog
                0x000000001781dac4       0xa8 drivers/built-in.o
                0x000000001781dac4                fuse_prog
 .text.fuse_override
                0x000000001781db6c       0x6c drivers/built-in.o
                0x000000001781db6c                fuse_override
 .text.dfu_write_buffer_drain
                0x000000001781dbd8       0xa8 drivers/built-in.o
 .text.dfu_free_buf
                0x000000001781dc80       0x20 drivers/built-in.o
                0x000000001781dc80                dfu_free_buf
 .text.dfu_get_buf_size
                0x000000001781dca0       0x10 drivers/built-in.o
                0x000000001781dca0                dfu_get_buf_size
 .text.dfu_get_buf
                0x000000001781dcb0       0xb8 drivers/built-in.o
                0x000000001781dcb0                dfu_get_buf
 .text.dfu_write_transaction_cleanup
                0x000000001781dd68       0x44 drivers/built-in.o
                0x000000001781dd68                dfu_write_transaction_cleanup
 .text.dfu_flush
                0x000000001781ddac       0x64 drivers/built-in.o
                0x000000001781ddac                dfu_flush
 .text.dfu_write
                0x000000001781de10      0x184 drivers/built-in.o
                0x000000001781de10                dfu_write
 .text.dfu_read
                0x000000001781df94      0x26c drivers/built-in.o
                0x000000001781df94                dfu_read
 .text.dfu_free_entities
                0x000000001781e200       0x9c drivers/built-in.o
                0x000000001781e200                dfu_free_entities
 .text.dfu_config_entities
                0x000000001781e29c      0x270 drivers/built-in.o
                0x000000001781e29c                dfu_config_entities
 .text.dfu_init_env_entities
                0x000000001781e50c       0x90 drivers/built-in.o
                0x000000001781e50c                dfu_init_env_entities
 .text.dfu_get_dev_type
                0x000000001781e59c       0x3c drivers/built-in.o
                0x000000001781e59c                dfu_get_dev_type
 .text.dfu_get_layout
                0x000000001781e5d8       0x3c drivers/built-in.o
                0x000000001781e5d8                dfu_get_layout
 .text.dfu_show_entities
                0x000000001781e614       0x74 drivers/built-in.o
                0x000000001781e614                dfu_show_entities
 .text.dfu_get_alt_number
                0x000000001781e688       0x10 drivers/built-in.o
                0x000000001781e688                dfu_get_alt_number
 .text.dfu_get_entity
                0x000000001781e698       0x40 drivers/built-in.o
                0x000000001781e698                dfu_get_entity
 .text.mmc_file_op
                0x000000001781e6d8      0x19c drivers/built-in.o
 .text.dfu_free_entity_mmc
                0x000000001781e874       0x28 drivers/built-in.o
                0x000000001781e874                dfu_free_entity_mmc
 .text.mmc_access_part.isra.0
                0x000000001781e89c       0x68 drivers/built-in.o
 .text.mmc_block_op
                0x000000001781e904      0x1ec drivers/built-in.o
 .text.dfu_write_medium_mmc
                0x000000001781eaf0       0xb8 drivers/built-in.o
                0x000000001781eaf0                dfu_write_medium_mmc
 .text.dfu_flush_medium_mmc
                0x000000001781eba8       0x48 drivers/built-in.o
                0x000000001781eba8                dfu_flush_medium_mmc
 .text.dfu_get_medium_size_mmc
                0x000000001781ebf0       0x90 drivers/built-in.o
                0x000000001781ebf0                dfu_get_medium_size_mmc
 .text.dfu_read_medium_mmc
                0x000000001781ec80       0xe4 drivers/built-in.o
                0x000000001781ec80                dfu_read_medium_mmc
 .text.dfu_fill_entity_mmc
                0x000000001781ed64      0x320 drivers/built-in.o
                0x000000001781ed64                dfu_fill_entity_mmc
 .text.dfu_get_medium_size_sf
                0x000000001781f084        0x8 drivers/built-in.o
 .text.dfu_read_medium_sf
                0x000000001781f08c       0x28 drivers/built-in.o
 .text.dfu_flush_medium_sf
                0x000000001781f0b4        0x8 drivers/built-in.o
 .text.dfu_polltimeout_sf
                0x000000001781f0bc        0x8 drivers/built-in.o
 .text.dfu_free_entity_sf
                0x000000001781f0c4        0x8 drivers/built-in.o
 .text.dfu_write_medium_sf
                0x000000001781f0cc       0x98 drivers/built-in.o
 .text.dfu_fill_entity_sf
                0x000000001781f164      0x2d8 drivers/built-in.o
                0x000000001781f164                dfu_fill_entity_sf
 .text.reset_cpu
                0x000000001781f43c       0x2c drivers/built-in.o
                0x000000001781f43c                reset_cpu
 .text.thermal_get_temp
                0x000000001781f468       0x20 drivers/built-in.o
                0x000000001781f468                thermal_get_temp
 .text.read_cpu_temperature
                0x000000001781f488       0xf0 drivers/built-in.o
 .text.imx_thermal_get_temp
                0x000000001781f578       0x64 drivers/built-in.o
                0x000000001781f578                imx_thermal_get_temp
 .text.imx_thermal_probe
                0x000000001781f5dc       0xc8 drivers/built-in.o
 .text.gpio_set_value
                0x000000001781f6a4       0x44 drivers/gpio/built-in.o
                0x000000001781f6a4                gpio_set_value
 .text.gpio_get_value
                0x000000001781f6e8       0x34 drivers/gpio/built-in.o
                0x000000001781f6e8                gpio_get_value
 .text.gpio_request
                0x000000001781f71c       0x10 drivers/gpio/built-in.o
                0x000000001781f71c                gpio_request
 .text.gpio_free
                0x000000001781f72c        0x8 drivers/gpio/built-in.o
                0x000000001781f72c                gpio_free
 .text.gpio_direction_input
                0x000000001781f734       0x3c drivers/gpio/built-in.o
                0x000000001781f734                gpio_direction_input
 .text.gpio_direction_output
                0x000000001781f770       0x50 drivers/gpio/built-in.o
                0x000000001781f770                gpio_direction_output
 .text.i2c_get_adapter
                0x000000001781f7c0       0x64 drivers/i2c/built-in.o
                0x000000001781f7c0                i2c_get_adapter
 .text.i2c_init_bus
                0x000000001781f824       0x90 drivers/i2c/built-in.o
 .text.i2c_get_bus_num
                0x000000001781f8b4        0x8 drivers/i2c/built-in.o
                0x000000001781f8b4                i2c_get_bus_num
 .text.i2c_set_bus_num
                0x000000001781f8bc       0xb8 drivers/i2c/built-in.o
                0x000000001781f8bc                i2c_set_bus_num
 .text.i2c_init_all
                0x000000001781f974       0x14 drivers/i2c/built-in.o
                0x000000001781f974                i2c_init_all
 .text.i2c_probe
                0x000000001781f988       0x2c drivers/i2c/built-in.o
                0x000000001781f988                i2c_probe
 .text.i2c_read
                0x000000001781f9b4       0x4c drivers/i2c/built-in.o
                0x000000001781f9b4                i2c_read
 .text.i2c_write
                0x000000001781fa00       0x4c drivers/i2c/built-in.o
                0x000000001781fa00                i2c_write
 .text.i2c_set_bus_speed
                0x000000001781fa4c       0x64 drivers/i2c/built-in.o
                0x000000001781fa4c                i2c_set_bus_speed
 .text.i2c_get_bus_speed